mode: set
app/cmd/main.go:10.13,29.16 4 0
app/cmd/main.go:29.16,32.3 2 0
app/cmd/main.go:33.2,34.16 2 0
app/cmd/main.go:34.16,37.3 2 0
app/cmd/main.go:38.2,39.16 2 0
app/cmd/main.go:39.16,42.3 2 0
app/cmd/main.go:43.2,44.16 2 0
app/cmd/main.go:44.16,47.3 2 0
app/cmd/main.go:48.2,49.16 2 0
app/cmd/main.go:49.16,52.3 2 0
app/cmd/main.go:54.2,55.16 2 0
app/cmd/main.go:55.16,58.3 2 0
app/internal/handler/customer.go:14.73,16.2 1 0
app/internal/handler/customer.go:33.54,34.54 1 0
app/internal/handler/customer.go:34.54,40.17 2 0
app/internal/handler/customer.go:40.17,44.4 3 0
app/internal/handler/customer.go:48.3,49.24 2 0
app/internal/handler/customer.go:49.24,56.4 1 0
app/internal/handler/customer.go:57.3,60.5 1 0
app/internal/handler/customer.go:72.54,73.54 1 0
app/internal/handler/customer.go:73.54,78.17 3 0
app/internal/handler/customer.go:78.17,81.4 2 0
app/internal/handler/customer.go:85.3,94.17 3 0
app/internal/handler/customer.go:94.17,97.4 2 0
app/internal/handler/customer.go:101.3,110.5 2 0
app/internal/handler/customer.go:114.68,115.54 1 0
app/internal/handler/customer.go:115.54,117.17 2 0
app/internal/handler/customer.go:117.17,120.4 2 0
app/internal/handler/customer.go:121.3,124.5 1 0
app/internal/handler/customer.go:128.69,129.54 1 0
app/internal/handler/customer.go:129.54,131.17 2 0
app/internal/handler/customer.go:131.17,134.4 2 0
app/internal/handler/customer.go:135.3,138.5 1 0
app/internal/handler/invoice.go:16.70,18.2 1 0
app/internal/handler/invoice.go:35.53,36.54 1 0
app/internal/handler/invoice.go:36.54,42.17 2 0
app/internal/handler/invoice.go:42.17,45.4 2 0
app/internal/handler/invoice.go:49.3,50.24 2 0
app/internal/handler/invoice.go:50.24,57.4 1 0
app/internal/handler/invoice.go:58.3,61.5 1 0
app/internal/handler/invoice.go:73.53,74.54 1 0
app/internal/handler/invoice.go:74.54,79.17 3 0
app/internal/handler/invoice.go:79.17,82.4 2 0
app/internal/handler/invoice.go:86.3,95.17 3 0
app/internal/handler/invoice.go:95.17,98.4 2 0
app/internal/handler/invoice.go:102.3,111.5 2 0
app/internal/handler/invoice.go:115.53,116.54 1 0
app/internal/handler/invoice.go:116.54,120.18 3 0
app/internal/handler/invoice.go:120.18,123.4 2 0
app/internal/handler/invoice.go:125.3,127.17 2 0
app/internal/handler/invoice.go:127.17,130.4 2 0
app/internal/handler/invoice.go:132.3,134.17 2 0
app/internal/handler/invoice.go:134.17,137.4 2 0
app/internal/handler/invoice.go:139.3,146.17 6 0
app/internal/handler/invoice.go:146.17,147.36 1 0
app/internal/handler/invoice.go:147.36,150.5 2 0
app/internal/handler/invoice.go:151.4,151.34 1 0
app/internal/handler/invoice.go:151.34,154.5 2 0
app/internal/handler/invoice.go:155.4,156.10 2 0
app/internal/handler/invoice.go:159.3,162.5 1 0
app/internal/handler/product.go:13.70,15.2 1 0
app/internal/handler/product.go:31.53,32.54 1 0
app/internal/handler/product.go:32.54,38.17 2 0
app/internal/handler/product.go:38.17,41.4 2 0
app/internal/handler/product.go:45.3,46.24 2 0
app/internal/handler/product.go:46.24,52.4 1 0
app/internal/handler/product.go:53.3,56.5 1 0
app/internal/handler/product.go:67.53,68.54 1 0
app/internal/handler/product.go:68.54,73.17 3 0
app/internal/handler/product.go:73.17,76.4 2 0
app/internal/handler/product.go:80.3,88.17 3 0
app/internal/handler/product.go:88.17,91.4 2 0
app/internal/handler/product.go:95.3,103.5 2 0
app/internal/handler/product.go:107.61,108.54 1 0
app/internal/handler/product.go:108.54,110.17 2 0
app/internal/handler/product.go:110.17,113.4 2 0
app/internal/handler/product.go:114.3,117.5 1 0
app/internal/handler/sale.go:13.61,15.2 1 0
app/internal/handler/sale.go:32.50,33.54 1 0
app/internal/handler/sale.go:33.54,39.17 2 0
app/internal/handler/sale.go:39.17,42.4 2 0
app/internal/handler/sale.go:46.3,47.24 2 0
app/internal/handler/sale.go:47.24,54.4 1 0
app/internal/handler/sale.go:55.3,58.5 1 0
app/internal/handler/sale.go:69.50,70.54 1 0
app/internal/handler/sale.go:70.54,75.17 3 0
app/internal/handler/sale.go:75.17,78.4 2 0
app/internal/handler/sale.go:82.3,91.17 3 0
app/internal/handler/sale.go:91.17,94.4 2 0
app/internal/handler/sale.go:98.3,107.5 2 0
app/internal/application/application_default.go:28.82,34.19 2 0
app/internal/application/application_default.go:34.19,35.23 1 0
app/internal/application/application_default.go:35.23,37.4 1 0
app/internal/application/application_default.go:38.3,38.24 1 0
app/internal/application/application_default.go:38.24,40.4 1 0
app/internal/application/application_default.go:43.2,46.3 1 0
app/internal/application/application_default.go:62.50,66.16 2 0
app/internal/application/application_default.go:66.16,68.3 1 0
app/internal/application/application_default.go:70.2,71.16 2 0
app/internal/application/application_default.go:71.16,73.3 1 0
app/internal/application/application_default.go:75.2,98.50 16 0
app/internal/application/application_default.go:98.50,105.3 4 0
app/internal/application/application_default.go:106.2,106.49 1 0
app/internal/application/application_default.go:106.49,113.3 3 0
app/internal/application/application_default.go:114.2,114.49 1 0
app/internal/application/application_default.go:114.49,121.3 3 0
app/internal/application/application_default.go:122.2,122.46 1 0
app/internal/application/application_default.go:122.46,127.3 2 0
app/internal/application/application_default.go:129.2,129.8 1 0
app/internal/application/application_default.go:132.48,137.2 3 0
app/internal/application/application_default.go:139.58,141.16 2 0
app/internal/application/application_default.go:141.16,143.3 1 0
app/internal/application/application_default.go:145.2,146.57 2 0
app/internal/application/application_default.go:146.57,148.3 1 0
app/internal/application/application_default.go:150.2,151.16 2 0
app/internal/application/application_default.go:151.16,153.3 1 0
app/internal/application/application_default.go:154.2,156.30 2 0
app/internal/application/application_default.go:156.30,158.17 2 0
app/internal/application/application_default.go:158.17,161.4 2 0
app/internal/application/application_default.go:161.9,163.4 1 0
app/internal/application/application_default.go:166.2,166.12 1 0
app/internal/application/application_default.go:169.57,171.16 2 0
app/internal/application/application_default.go:171.16,173.3 1 0
app/internal/application/application_default.go:175.2,176.56 2 0
app/internal/application/application_default.go:176.56,178.3 1 0
app/internal/application/application_default.go:180.2,181.16 2 0
app/internal/application/application_default.go:181.16,183.3 1 0
app/internal/application/application_default.go:184.2,186.29 2 0
app/internal/application/application_default.go:186.29,188.17 2 0
app/internal/application/application_default.go:188.17,191.4 2 0
app/internal/application/application_default.go:191.9,193.4 1 0
app/internal/application/application_default.go:196.2,196.12 1 0
app/internal/application/application_default.go:199.57,201.16 2 0
app/internal/application/application_default.go:201.16,203.3 1 0
app/internal/application/application_default.go:205.2,206.56 2 0
app/internal/application/application_default.go:206.56,208.3 1 0
app/internal/application/application_default.go:210.2,211.16 2 0
app/internal/application/application_default.go:211.16,213.3 1 0
app/internal/application/application_default.go:214.2,216.29 2 0
app/internal/application/application_default.go:216.29,218.17 2 0
app/internal/application/application_default.go:218.17,221.4 2 0
app/internal/application/application_default.go:221.9,223.4 1 0
app/internal/application/application_default.go:226.2,226.12 1 0
app/internal/application/application_default.go:229.54,231.16 2 0
app/internal/application/application_default.go:231.16,233.3 1 0
app/internal/application/application_default.go:235.2,236.53 2 0
app/internal/application/application_default.go:236.53,238.3 1 0
app/internal/application/application_default.go:240.2,241.16 2 0
app/internal/application/application_default.go:241.16,243.3 1 0
app/internal/application/application_default.go:244.2,246.26 2 0
app/internal/application/application_default.go:246.26,248.17 2 0
app/internal/application/application_default.go:248.17,251.4 2 0
app/internal/application/application_default.go:251.9,253.4 1 0
app/internal/application/application_default.go:256.2,256.12 1 0
app/internal/service/customer_default.go:6.76,8.2 1 0
app/internal/service/customer_default.go:17.73,20.2 2 0
app/internal/service/customer_default.go:23.67,26.2 2 0
app/internal/service/customer_default.go:28.95,30.2 1 0
app/internal/service/customer_default.go:32.97,34.2 1 0
app/internal/service/invoice_default.go:6.73,8.2 1 0
app/internal/service/invoice_default.go:17.71,20.2 2 0
app/internal/service/invoice_default.go:23.65,26.2 2 0
app/internal/service/invoice_default.go:28.98,30.2 1 0
app/internal/service/product_default.go:6.73,8.2 1 0
app/internal/service/product_default.go:17.71,20.2 2 0
app/internal/service/product_default.go:23.65,26.2 2 0
app/internal/service/product_default.go:28.87,30.2 1 0
app/internal/service/sale_default.go:6.64,8.2 1 0
app/internal/service/sale_default.go:17.66,20.2 2 0
app/internal/service/sale_default.go:23.60,26.2 2 0
app/internal/repository/customer_mysql.go:12.52,14.2 1 1
app/internal/repository/customer_mysql.go:23.71,26.16 2 0
app/internal/repository/customer_mysql.go:26.16,28.3 1 0
app/internal/repository/customer_mysql.go:29.2,32.18 2 0
app/internal/repository/customer_mysql.go:32.18,36.17 3 0
app/internal/repository/customer_mysql.go:36.17,38.4 1 0
app/internal/repository/customer_mysql.go:40.3,40.20 1 0
app/internal/repository/customer_mysql.go:42.2,43.16 2 0
app/internal/repository/customer_mysql.go:43.16,45.3 1 0
app/internal/repository/customer_mysql.go:47.2,47.8 1 0
app/internal/repository/customer_mysql.go:51.65,57.16 2 0
app/internal/repository/customer_mysql.go:57.16,59.3 1 0
app/internal/repository/customer_mysql.go:62.2,63.16 2 0
app/internal/repository/customer_mysql.go:63.16,65.3 1 0
app/internal/repository/customer_mysql.go:68.2,70.8 2 0
app/internal/repository/customer_mysql.go:73.93,77.16 3 1
app/internal/repository/customer_mysql.go:77.16,79.3 1 0
app/internal/repository/customer_mysql.go:80.2,83.18 3 1
app/internal/repository/customer_mysql.go:83.18,85.66 2 1
app/internal/repository/customer_mysql.go:85.66,87.4 1 0
app/internal/repository/customer_mysql.go:88.3,88.31 1 1
app/internal/repository/customer_mysql.go:91.2,91.21 1 1
app/internal/repository/customer_mysql.go:94.95,113.16 2 0
app/internal/repository/customer_mysql.go:113.16,115.3 1 0
app/internal/repository/customer_mysql.go:116.2,119.18 3 0
app/internal/repository/customer_mysql.go:119.18,121.84 2 0
app/internal/repository/customer_mysql.go:121.84,123.4 1 0
app/internal/repository/customer_mysql.go:124.3,124.31 1 0
app/internal/repository/customer_mysql.go:127.2,127.21 1 0
app/internal/repository/invoice_mysql.go:15.50,17.2 1 0
app/internal/repository/invoice_mysql.go:26.69,29.16 2 0
app/internal/repository/invoice_mysql.go:29.16,31.3 1 0
app/internal/repository/invoice_mysql.go:32.2,35.18 2 0
app/internal/repository/invoice_mysql.go:35.18,39.17 3 0
app/internal/repository/invoice_mysql.go:39.17,41.4 1 0
app/internal/repository/invoice_mysql.go:43.3,43.20 1 0
app/internal/repository/invoice_mysql.go:45.2,46.16 2 0
app/internal/repository/invoice_mysql.go:46.16,48.3 1 0
app/internal/repository/invoice_mysql.go:50.2,50.8 1 0
app/internal/repository/invoice_mysql.go:54.63,60.16 2 0
app/internal/repository/invoice_mysql.go:60.16,62.3 1 0
app/internal/repository/invoice_mysql.go:65.2,66.16 2 0
app/internal/repository/invoice_mysql.go:66.16,68.3 1 0
app/internal/repository/invoice_mysql.go:71.2,73.8 2 0
app/internal/repository/invoice_mysql.go:76.75,82.16 2 0
app/internal/repository/invoice_mysql.go:82.16,83.50 1 0
app/internal/repository/invoice_mysql.go:83.50,84.31 1 0
app/internal/repository/invoice_mysql.go:84.31,86.5 1 0
app/internal/repository/invoice_mysql.go:88.3,88.17 1 0
app/internal/repository/invoice_mysql.go:91.2,91.18 1 0
app/internal/repository/invoice_mysql.go:91.18,93.17 2 0
app/internal/repository/invoice_mysql.go:93.17,95.4 1 0
app/internal/repository/invoice_mysql.go:98.2,98.16 1 0
app/internal/repository/invoice_mysql.go:101.103,107.16 4 0
app/internal/repository/invoice_mysql.go:107.16,109.3 1 0
app/internal/repository/invoice_mysql.go:111.2,111.22 1 0
app/internal/repository/invoice_mysql.go:111.22,114.3 2 0
app/internal/repository/invoice_mysql.go:116.2,116.23 1 0
app/internal/repository/invoice_mysql.go:116.23,119.3 2 0
app/internal/repository/invoice_mysql.go:121.2,121.18 1 0
app/internal/repository/invoice_mysql.go:121.18,124.3 2 0
app/internal/repository/invoice_mysql.go:126.2,126.26 1 0
app/internal/repository/invoice_mysql.go:126.26,128.3 1 0
app/internal/repository/invoice_mysql.go:130.2,134.16 4 0
app/internal/repository/invoice_mysql.go:134.16,136.3 1 0
app/internal/repository/invoice_mysql.go:138.2,139.16 2 0
app/internal/repository/invoice_mysql.go:139.16,141.3 1 0
app/internal/repository/invoice_mysql.go:143.2,143.23 1 0
app/internal/repository/invoice_mysql.go:143.23,145.3 1 0
app/internal/repository/invoice_mysql.go:147.2,154.16 3 0
app/internal/repository/invoice_mysql.go:154.16,155.27 1 0
app/internal/repository/invoice_mysql.go:155.27,157.4 1 0
app/internal/repository/invoice_mysql.go:158.3,158.36 1 0
app/internal/repository/invoice_mysql.go:161.2,161.16 1 0
app/internal/repository/product_mysql.go:10.50,12.2 1 0
app/internal/repository/product_mysql.go:21.69,24.16 2 0
app/internal/repository/product_mysql.go:24.16,26.3 1 0
app/internal/repository/product_mysql.go:27.2,30.18 2 0
app/internal/repository/product_mysql.go:30.18,34.17 3 0
app/internal/repository/product_mysql.go:34.17,36.4 1 0
app/internal/repository/product_mysql.go:38.3,38.20 1 0
app/internal/repository/product_mysql.go:40.2,41.16 2 0
app/internal/repository/product_mysql.go:41.16,43.3 1 0
app/internal/repository/product_mysql.go:45.2,45.8 1 0
app/internal/repository/product_mysql.go:49.63,55.16 2 0
app/internal/repository/product_mysql.go:55.16,57.3 1 0
app/internal/repository/product_mysql.go:60.2,61.16 2 0
app/internal/repository/product_mysql.go:61.16,63.3 1 0
app/internal/repository/product_mysql.go:66.2,68.8 2 0
app/internal/repository/product_mysql.go:71.85,87.16 2 0
app/internal/repository/product_mysql.go:87.16,89.3 1 0
app/internal/repository/product_mysql.go:90.2,93.18 3 0
app/internal/repository/product_mysql.go:93.18,95.80 2 0
app/internal/repository/product_mysql.go:95.80,97.4 1 0
app/internal/repository/product_mysql.go:98.3,98.31 1 0
app/internal/repository/product_mysql.go:101.2,101.21 1 0
app/internal/repository/sale_mysql.go:10.44,12.2 1 0
app/internal/repository/sale_mysql.go:21.63,24.16 2 0
app/internal/repository/sale_mysql.go:24.16,26.3 1 0
app/internal/repository/sale_mysql.go:27.2,30.18 2 0
app/internal/repository/sale_mysql.go:30.18,34.17 3 0
app/internal/repository/sale_mysql.go:34.17,36.4 1 0
app/internal/repository/sale_mysql.go:38.3,38.20 1 0
app/internal/repository/sale_mysql.go:40.2,41.16 2 0
app/internal/repository/sale_mysql.go:41.16,43.3 1 0
app/internal/repository/sale_mysql.go:45.2,45.8 1 0
app/internal/repository/sale_mysql.go:49.57,55.16 2 0
app/internal/repository/sale_mysql.go:55.16,57.3 1 0
app/internal/repository/sale_mysql.go:60.2,61.16 2 0
app/internal/repository/sale_mysql.go:61.16,63.3 1 0
app/internal/repository/sale_mysql.go:66.2,68.8 2 0
